2016-06-02 13:57:35,682 [http-nio-8080-exec-3] ERROR com.xuggle.ferry.JNILibraryLoader - Could not load library: xuggle-xuggler; version: 3; Visit http://www.xuggle.com/xuggler/faq/ to find common solutions to this problem
2016-06-02 14:00:24,290 [http-nio-8080-exec-5] ERROR org.ffmpeg - [mp3 @ 2995AB20] Header missing
2016-06-02 14:00:27,662 [http-nio-8080-exec-5] WARN  com.xuggle.xuggler - writeTrailer() with no matching call to writeHeader() (../../../../../../../csrc/com/xuggle/xuggler/Container.cpp:863)
2016-06-02 14:00:27,683 [http-nio-8080-exec-5] ERROR org.ffmpeg - [mp3 @ 29D9C8E0] Header missing
2016-06-02 14:00:27,741 [Finalizer] DEBUG com.xuggle.xuggler - Closing dangling Container (../../../../../../../csrc/com/xuggle/xuggler/Container.cpp:146)
2016-06-02 14:00:30,230 [http-nio-8080-exec-6] ERROR org.ffmpeg - [mp3 @ 29D9AD80] Header missing
2016-06-02 14:00:33,212 [http-nio-8080-exec-7] ERROR org.ffmpeg - [mp3 @ 29D9B560] Header missing
2016-06-02 14:00:33,900 [http-nio-8080-exec-6] WARN  com.xuggle.xuggler - writeTrailer() with no matching call to writeHeader() (../../../../../../../csrc/com/xuggle/xuggler/Container.cpp:863)
2016-06-02 14:00:34,008 [Finalizer] DEBUG com.xuggle.xuggler - Closing dangling Container (../../../../../../../csrc/com/xuggle/xuggler/Container.cpp:146)
2016-06-02 14:00:36,990 [http-nio-8080-exec-7] WARN  com.xuggle.xuggler - writeTrailer() with no matching call to writeHeader() (../../../../../../../csrc/com/xuggle/xuggler/Container.cpp:863)
2016-06-02 14:00:37,044 [Finalizer] DEBUG com.xuggle.xuggler - Closing dangling Container (../../../../../../../csrc/com/xuggle/xuggler/Container.cpp:146)
